// Vitest Snapshot v1, https://vitest.dev/guide/snapshot.html

exports[`env in component 1`] = `
<body>
  <div>
    <p>
      Test
    </p>
  </div>
</body>
`;
